

[2026-02-24T18:51:50.925Z] Hackathon: 95b87414-6ea0-4477-9322-f177810ab8b4
[
  {
    "submission_id": "300d5aea-4ddd-4b4d-bddb-5ac9839969c3",
    "team_name": "goated",
    "team_id": "1d755903-bcdd-4bfa-9f1e-7320b7f22d84",
    "final_average_score": "59.0000000000000000",
    "judge_count": "1"
  }
]


[2026-02-24T18:51:52.128Z] Hackathon: 95b87414-6ea0-4477-9322-f177810ab8b4
[
  {
    "submission_id": "300d5aea-4ddd-4b4d-bddb-5ac9839969c3",
    "team_name": "goated",
    "team_id": "1d755903-bcdd-4bfa-9f1e-7320b7f22d84",
    "final_average_score": "59.0000000000000000",
    "judge_count": "1"
  }
]


[2026-02-24T18:51:52.391Z] Hackathon: 95b87414-6ea0-4477-9322-f177810ab8b4
[
  {
    "submission_id": "300d5aea-4ddd-4b4d-bddb-5ac9839969c3",
    "team_name": "goated",
    "team_id": "1d755903-bcdd-4bfa-9f1e-7320b7f22d84",
    "final_average_score": "59.0000000000000000",
    "judge_count": "1"
  }
]


[2026-02-24T18:51:53.675Z] Hackathon: 95b87414-6ea0-4477-9322-f177810ab8b4
[
  {
    "submission_id": "300d5aea-4ddd-4b4d-bddb-5ac9839969c3",
    "team_name": "goated",
    "team_id": "1d755903-bcdd-4bfa-9f1e-7320b7f22d84",
    "final_average_score": "59.0000000000000000",
    "judge_count": "1"
  }
]


[2026-02-25T03:21:31.019Z] Hackathon: 95b87414-6ea0-4477-9322-f177810ab8b4
[
  {
    "submission_id": "300d5aea-4ddd-4b4d-bddb-5ac9839969c3",
    "team_name": "goated",
    "team_id": "1d755903-bcdd-4bfa-9f1e-7320b7f22d84",
    "final_average_score": "59.0000000000000000",
    "judge_count": "1"
  }
]


[2026-02-25T03:21:31.454Z] Hackathon: 95b87414-6ea0-4477-9322-f177810ab8b4
[
  {
    "submission_id": "300d5aea-4ddd-4b4d-bddb-5ac9839969c3",
    "team_name": "goated",
    "team_id": "1d755903-bcdd-4bfa-9f1e-7320b7f22d84",
    "final_average_score": "59.0000000000000000",
    "judge_count": "1"
  }
]


[2026-02-25T03:38:59.100Z] Hackathon: 95b87414-6ea0-4477-9322-f177810ab8b4
[
  {
    "submission_id": "300d5aea-4ddd-4b4d-bddb-5ac9839969c3",
    "team_name": "goated",
    "team_id": "1d755903-bcdd-4bfa-9f1e-7320b7f22d84",
    "final_average_score": "59.0000000000000000",
    "judge_count": "1"
  }
]


[2026-02-25T16:46:21.476Z] Hackathon: 95b87414-6ea0-4477-9322-f177810ab8b4
[
  {
    "submission_id": "300d5aea-4ddd-4b4d-bddb-5ac9839969c3",
    "team_name": "goated",
    "team_id": "1d755903-bcdd-4bfa-9f1e-7320b7f22d84",
    "final_average_score": "59.0000000000000000",
    "judge_count": "1"
  }
]


[2026-02-25T16:46:21.759Z] Hackathon: 95b87414-6ea0-4477-9322-f177810ab8b4
[
  {
    "submission_id": "300d5aea-4ddd-4b4d-bddb-5ac9839969c3",
    "team_name": "goated",
    "team_id": "1d755903-bcdd-4bfa-9f1e-7320b7f22d84",
    "final_average_score": "59.0000000000000000",
    "judge_count": "1"
  }
]


[2026-02-25T17:18:49.021Z] Hackathon: 95b87414-6ea0-4477-9322-f177810ab8b4
[
  {
    "submission_id": "300d5aea-4ddd-4b4d-bddb-5ac9839969c3",
    "team_name": "goated",
    "team_id": "1d755903-bcdd-4bfa-9f1e-7320b7f22d84",
    "final_average_score": "59.0000000000000000",
    "judge_count": "1"
  }
]


[2026-02-25T17:18:49.336Z] Hackathon: 95b87414-6ea0-4477-9322-f177810ab8b4
[
  {
    "submission_id": "300d5aea-4ddd-4b4d-bddb-5ac9839969c3",
    "team_name": "goated",
    "team_id": "1d755903-bcdd-4bfa-9f1e-7320b7f22d84",
    "final_average_score": "59.0000000000000000",
    "judge_count": "1"
  }
]


[2026-03-03T19:21:11.528Z] Hackathon: dd85f761-8da2-47e7-9f0d-a0849cb00bbe
[
  {
    "submission_id": "c7382254-4017-4c3f-ba0d-52948e98f5ac",
    "team_name": "Team BOTS",
    "team_id": "06da7f40-19a6-48e1-a5fb-9b2b6db11907",
    "final_average_score": null,
    "judge_count": "0"
  },
  {
    "submission_id": "f05e806e-17d2-48fe-8212-23a88856bd31",
    "team_name": "Trropppps",
    "team_id": "104636ee-6eab-4532-8ea7-b8e7579baf66",
    "final_average_score": null,
    "judge_count": "0"
  }
]


[2026-03-03T19:21:11.832Z] Hackathon: dd85f761-8da2-47e7-9f0d-a0849cb00bbe
[
  {
    "submission_id": "c7382254-4017-4c3f-ba0d-52948e98f5ac",
    "team_name": "Team BOTS",
    "team_id": "06da7f40-19a6-48e1-a5fb-9b2b6db11907",
    "final_average_score": null,
    "judge_count": "0"
  },
  {
    "submission_id": "f05e806e-17d2-48fe-8212-23a88856bd31",
    "team_name": "Trropppps",
    "team_id": "104636ee-6eab-4532-8ea7-b8e7579baf66",
    "final_average_score": null,
    "judge_count": "0"
  }
]


[2026-03-03T19:22:37.469Z] Hackathon: dd85f761-8da2-47e7-9f0d-a0849cb00bbe
[
  {
    "submission_id": "f05e806e-17d2-48fe-8212-23a88856bd31",
    "team_name": "Trropppps",
    "team_id": "104636ee-6eab-4532-8ea7-b8e7579baf66",
    "final_average_score": "64.0000000000000000",
    "judge_count": "1"
  },
  {
    "submission_id": "c7382254-4017-4c3f-ba0d-52948e98f5ac",
    "team_name": "Team BOTS",
    "team_id": "06da7f40-19a6-48e1-a5fb-9b2b6db11907",
    "final_average_score": "1.00000000000000000000",
    "judge_count": "1"
  }
]
